// Jest Snapshot v1, https://goo.gl/fbAQLP

exports[`Component de Transacao do extrato Deve renderizar igual ao snapshot 1`] = `
<View
  style={
    Object {
      "backgroundColor": "rgb(62,160,63,0.3)",
      "marginTop": 10,
      "width": "90%",
    }
  }
  testID="transacao-1"
>
  <Text>
    08/09/2022
  </Text>
  <Text>
    saque
  </Text>
  <Text>
    R$ 
    20.00
  </Text>
</View>
`;
